

HI-TECH Software 8051 Macro Assembler V9.60                                Page 1
                                                       Tue Apr 04 21:49:32 2023

     1                           	psect	idata,class=DATA,space=1,limit=080h
     2                           	psect	irdata,class=DATA,limit=080h
     3                           	global	_msec
     4                           	signat	_msec,4216
     5                           	global	stack_internal
     6                           	psect	text,class=CODE
     7                           	psect	text
     8                           	file	"F:\ÏÐÀÊÒÈ~1\123\project1\main.c"
     9                           	line	3
    10  00003                     _msec:
    11  00003  80 33              	j	f1411
    12  00005                     f1410:
    13                           ;main.c: 2: void msec (int x)
    14                           
    15                           ;main.c: 3: {
    16                           
    17                           ;main.c: 4: while(x-->0)
    18                           
    19                           ;	var   _x assigned to ?a_msec+0
    20                           ;_x stored from WR2
    21  00005  8C 2B              	mov	?a_msec+0,r4
    22  00007  8D 2C              	mov	?a_msec+0+1,r5
    23                           	line	4
    24  00009  80 13              	jmp	l3
    25  0000B                     l4:
    26                           ;main.c: 5: {
    27                           
    28                           ;main.c: 6: TH0 = (-10000)>>8;
    29                           
    30                           	line	6
    31  0000B  75 8C D8           	mov	08Ch,#216
    32                           ;main.c: 7: TL0 = -10000;
    33                           
    34                           	line	7
    35  0000E  75 8A F0           	mov	08Ah,#240
    36                           ;main.c: 8: TR0 = 1;
    37                           
    38                           	line	8
    39  00011  D2 8C              	setb	tcon.4
    40                           ;main.c: 9: do;
    41                           
    42                           	line	9
    43  00013                     l8:
    44                           ;main.c: 10: while(TF0==0);
    45                           
    46                           	line	10
    47  00013  30 8D 02           	bnb	tcon.5, u11
    48  00016  80 02              	jmp	u10
    49  00018                     u11:
    50  00018  80 F9              	jmp	l8
    51  0001A                     u10:
    52  0001A                     l7:
    53                           ;main.c: 11: TF0=0;
    54                           
    55                           	line	11
    56  0001A  C2 8D              	clr	tcon.5
    57                           ;main.c: 12: TR0=0;
    58                           
    59                           	line	12
    60  0001C  C2 8C              	clr	tcon.4
    61                           	line	13
    62  0001E                     l3:
    63                           	line	4
    64  0001E  AC 2B              	mov	r4,?a_msec+0
    65  00020  E5 2C              	mov	a,?a_msec+0+1
    66  00022  FD                 	mov	r5,a
    67  00023  15 2C              	dec	?a_msec+0+1
    68  00025  70 02              	jnz	u24
    69  00027  15 2B              	dec	?a_msec+0
    70  00029                     u24:
    71  00029  ED                 	mov	a,r5
    72  0002A  24 FF              	add	a,#low -(1)
    73  0002C  EC                 	mov	a,r4
    74  0002D  64 80              	xrl	a,#80h
    75  0002F  34 7F              	addc	a,#(high -(1))xor 80h
    76  00031  40 02              	bc	u31
    77  00033  80 02              	jmp	u30
    78  00035                     u31:
    79  00035  80 D4              	jmp	l4
    80  00037                     u30:
    81  00037                     l5:
    82                           ;main.c: 13: }
    83                           
    84                           ;main.c: 14: }
    85                           
    86                           	line	14
    87  00037                     l2:
    88  00037  22                 	ret
    89  00038                     f1411:
    90  00038  80 CB              	j	f1410
    91                           	FNSIZE	_msec,2,0
    92                           	global	?a_msec
    93  0000                     f1412	equ	0
    94                           	global	_main
    95                           	signat	_main,88
    96                           	line	17
    97  0003A                     _main:
    98  0003A  02 0147            	j	f1421
    99  0003D                     f1420:
   100                           ;main.c: 16: void main()
   101                           
   102                           ;main.c: 17: {
   103                           
   104                           ;	var   _i assigned to ?a_main+0
   105                           ;	var   _array assigned to ?a_main+2
   106                           ;main.c: 18: int i;
   107                           
   108                           ;main.c: 19: unsigned char array[9];
   109                           
   110                           ;main.c: 20: TMOD=0x2;
   111                           
   112                           	line	20
   113  0003D  75 89 02           	mov	089h,#2
   114                           ;main.c: 21: array[0] = 0x0;
   115                           
   116                           	line	21
   117  00040  75 22  00          	mov	?a_main+2,#0
   118                           ;main.c: 22: array[1] = 0x1;
   119                           
   120                           	line	22
   121  00043  75 23  01          	mov	0+?a_main+2+01h,#1
   122                           ;main.c: 23: array[2] = 0x2;
   123                           
   124                           	line	23
   125  00046  75 24  02          	mov	0+?a_main+2+02h,#2
   126                           ;main.c: 24: array[3] = 0x4;
   127                           
   128                           	line	24
   129  00049  75 25  04          	mov	0+?a_main+2+03h,#4
   130                           ;main.c: 25: array[4] = 0x8;
   131                           
   132                           	line	25
   133  0004C  75 26  08          	mov	0+?a_main+2+04h,#8
   134                           ;main.c: 26: array[5] = 0x10;
   135                           
   136                           	line	26
   137  0004F  75 27  10          	mov	0+?a_main+2+05h,#16
   138                           ;main.c: 27: array[6] = 0x20;
   139                           
   140                           	line	27
   141  00052  75 28  20          	mov	0+?a_main+2+06h,#32
   142                           ;main.c: 28: array[7] = 0x40;
   143                           
   144                           	line	28
   145  00055  75 29  40          	mov	0+?a_main+2+07h,#64
   146                           ;main.c: 29: array[8] = 0x80;
   147                           
   148                           	line	29
   149  00058  75 2A  80          	mov	0+?a_main+2+08h,#128
   150                           ;main.c: 30: P1=array[0];
   151                           
   152                           	line	30
   153  0005B  85 22  90          	mov	090h,?a_main+2
   154                           ;main.c: 31: msec(2);
   155                           
   156                           	FNCALL	_main,_msec
   157                           	line	31
   158  0005E  7C 00              	mov	r4,#high (2)
   159  00060  7D 02              	mov	r5,#low (2)
   160  00062  12 0003            	lcall	_msec
   161                           
   162                           ;main.c: 32: while(1){
   163                           
   164                           	line	32
   165  00065                     l11:
   166                           ;main.c: 33: for(i=1;i<9;i++)
   167                           
   168                           	line	33
   169  00065  75 20  00          	mov	?a_main+0,#high(1)
   170  00068  75 21  01          	mov	?a_main+0+1,#low(1)
   171  0006B  E5 21              	mov	a,?a_main+0+1
   172  0006D  24 F7              	add	a,#low -(9)
   173  0006F  E5 20              	mov	a,?a_main+0
   174  00071  64 80              	xrl	a,#80h
   175  00073  34 7F              	addc	a,#(high -(9))xor 80h
   176  00075  50 02              	bnc	u41
   177  00077  80 02              	jmp	u40
   178  00079                     u41:
   179  00079  80 03              	jmp	l13
   180  0007B                     u40:
   181  0007B  02 0143            	jmp	l14
   182                           	line	34
   183  0007E                     l13:
   184                           ;main.c: 34: {
   185                           
   186                           ;main.c: 35: if (i==1 || i == 2)
   187                           
   188                           	line	35
   189  0007E  E5 21              	mov	a,?a_main+0+1
   190  00080  B4 01 07           	cbne	a,#low (1),u51
   191  00083  E5 20              	mov	a,?a_main+0
   192  00085  B4 00 02           	cbne	a,#high (1),u51
   193  00088  80 0C              	jmp	u50
   194  0008A                     u51:
   195  0008A  E5 21              	mov	a,?a_main+0+1
   196  0008C  B4 02 09           	cbne	a,#low (2),u61
   197  0008F  E5 20              	mov	a,?a_main+0
   198  00091  B4 00 04           	cbne	a,#high (2),u61
   199  00094  80 00              	jmp	u60
   200  00096                     u50:
   201  00096                     u60:
   202  00096  80 04              	jmp	u70
   203  00098                     u61:
   204  00098  80 00              	jmp	u71
   205  0009A                     u71:
   206  0009A  80 0D              	jmp	l16
   207  0009C                     u70:
   208                           ;main.c: 36: {
   209                           
   210                           ;main.c: 37: P1=array[1] + array[2] ;
   211                           
   212                           	line	37
   213  0009C  E5 23              	mov	a,0+?a_main+2+01h
   214  0009E  25 24              	add	a,0+?a_main+2+02h
   215  000A0  F5 90              	mov	090h,a
   216                           ;main.c: 38: msec(20);
   217                           
   218                           	line	38
   219  000A2  7C 00              	mov	r4,#high (20)
   220  000A4  7D 14              	mov	r5,#low (20)
   221  000A6  12 0003            	lcall	_msec
   222                           
   223                           	line	39
   224  000A9                     l16:
   225                           ;main.c: 39: }
   226                           
   227                           ;main.c: 40: if (i==3 || i == 4)
   228                           
   229                           	line	40
   230  000A9  E5 21              	mov	a,?a_main+0+1
   231  000AB  B4 03 07           	cbne	a,#low (3),u81
   232  000AE  E5 20              	mov	a,?a_main+0
   233  000B0  B4 00 02           	cbne	a,#high (3),u81
   234  000B3  80 0C              	jmp	u80
   235  000B5                     u81:
   236  000B5  E5 21              	mov	a,?a_main+0+1
   237  000B7  B4 04 09           	cbne	a,#low (4),u91
   238  000BA  E5 20              	mov	a,?a_main+0
   239  000BC  B4 00 04           	cbne	a,#high (4),u91
   240  000BF  80 00              	jmp	u90
   241  000C1                     u80:
   242  000C1                     u90:
   243  000C1  80 04              	jmp	u100
   244  000C3                     u91:
   245  000C3  80 00              	jmp	u101
   246  000C5                     u101:
   247  000C5  80 0D              	jmp	l17
   248  000C7                     u100:
   249                           ;main.c: 41: {
   250                           
   251                           ;main.c: 42: P1=array[7] + array[8] ;
   252                           
   253                           	line	42
   254  000C7  E5 29              	mov	a,0+?a_main+2+07h
   255  000C9  25 2A              	add	a,0+?a_main+2+08h
   256  000CB  F5 90              	mov	090h,a
   257                           ;main.c: 43: msec(20);
   258                           
   259                           	line	43
   260  000CD  7C 00              	mov	r4,#high (20)
   261  000CF  7D 14              	mov	r5,#low (20)
   262  000D1  12 0003            	lcall	_msec
   263                           
   264                           	line	44
   265  000D4                     l17:
   266                           ;main.c: 44: }
   267                           
   268                           ;main.c: 45: if (i==5 || i == 6)
   269                           
   270                           	line	45
   271  000D4  E5 21              	mov	a,?a_main+0+1
   272  000D6  B4 05 07           	cbne	a,#low (5),u111
   273  000D9  E5 20              	mov	a,?a_main+0
   274  000DB  B4 00 02           	cbne	a,#high (5),u111
   275  000DE  80 0C              	jmp	u110
   276  000E0                     u111:
   277  000E0  E5 21              	mov	a,?a_main+0+1
   278  000E2  B4 06 09           	cbne	a,#low (6),u121
   279  000E5  E5 20              	mov	a,?a_main+0
   280  000E7  B4 00 04           	cbne	a,#high (6),u121
   281  000EA  80 00              	jmp	u120
   282  000EC                     u110:
   283  000EC                     u120:
   284  000EC  80 04              	jmp	u130
   285  000EE                     u121:
   286  000EE  80 00              	jmp	u131
   287  000F0                     u131:
   288  000F0  80 0D              	jmp	l18
   289  000F2                     u130:
   290                           ;main.c: 46: {
   291                           
   292                           ;main.c: 47: P1=array[3] + array[4] ;
   293                           
   294                           	line	47
   295  000F2  E5 25              	mov	a,0+?a_main+2+03h
   296  000F4  25 26              	add	a,0+?a_main+2+04h
   297  000F6  F5 90              	mov	090h,a
   298                           ;main.c: 48: msec(50);
   299                           
   300                           	line	48
   301  000F8  7C 00              	mov	r4,#high (50)
   302  000FA  7D 32              	mov	r5,#low (50)
   303  000FC  12 0003            	lcall	_msec
   304                           
   305                           	line	49
   306  000FF                     l18:
   307                           ;main.c: 49: }
   308                           
   309                           ;main.c: 50: if (i==7|| i == 8)
   310                           
   311                           	line	50
   312  000FF  E5 21              	mov	a,?a_main+0+1
   313  00101  B4 07 07           	cbne	a,#low (7),u141
   314  00104  E5 20              	mov	a,?a_main+0
   315  00106  B4 00 02           	cbne	a,#high (7),u141
   316  00109  80 0C              	jmp	u140
   317  0010B                     u141:
   318  0010B  E5 21              	mov	a,?a_main+0+1
   319  0010D  B4 08 09           	cbne	a,#low (8),u151
   320  00110  E5 20              	mov	a,?a_main+0
   321  00112  B4 00 04           	cbne	a,#high (8),u151
   322  00115  80 00              	jmp	u150
   323  00117                     u140:
   324  00117                     u150:
   325  00117  80 04              	jmp	u160
   326  00119                     u151:
   327  00119  80 00              	jmp	u161
   328  0011B                     u161:
   329  0011B  80 0D              	jmp	l19
   330  0011D                     u160:
   331                           ;main.c: 51: {
   332                           
   333                           ;main.c: 52: P1=array[5] + array[6] ;
   334                           
   335                           	line	52
   336  0011D  E5 27              	mov	a,0+?a_main+2+05h
   337  0011F  25 28              	add	a,0+?a_main+2+06h
   338  00121  F5 90              	mov	090h,a
   339                           ;main.c: 53: msec(50);
   340                           
   341                           	line	53
   342  00123  7C 00              	mov	r4,#high (50)
   343  00125  7D 32              	mov	r5,#low (50)
   344  00127  12 0003            	lcall	_msec
   345                           
   346                           	line	54
   347  0012A                     l19:
   348                           	line	33
   349  0012A  05 21              	inc	?a_main+0+1
   350  0012C  E5 21              	mov	a,?a_main+0+1
   351  0012E  70 02              	jnz	u170
   352  00130  05 20              	inc	?a_main+0
   353  00132                     u170:
   354  00132  E5 21              	mov	a,?a_main+0+1
   355  00134  24 F7              	add	a,#low -(9)
   356  00136  E5 20              	mov	a,?a_main+0
   357  00138  64 80              	xrl	a,#80h
   358  0013A  34 7F              	addc	a,#(high -(9))xor 80h
   359  0013C  50 02              	bnc	u181
   360  0013E  80 03              	jmp	u180
   361  00140                     u181:
   362  00140  02 007E            	jmp	l13
   363  00143                     u180:
   364  00143                     l14:
   365                           	line	58
   366  00143                     l10:
   367                           	line	32
   368  00143  02 0065            	jmp	l11
   369  00146                     l12:
   370                           ;main.c: 54: }
   371                           
   372                           ;main.c: 55: }
   373                           
   374                           ;main.c: 58: }
   375                           
   376                           ;main.c: 61: }
   377                           
   378                           	line	61
   379  00146                     l9:
   380  00146  22                 	ret
   381  00147                     f1421:
   382  00147  02 003D            	j	f1420
   383                           	FNSIZE	_main,11,0
   384                           	global	?a_main
   385  0000                     f1422	equ	0
   386  0000                     _A10	equ	162
   387  0000                     _A11	equ	163
   388  0000                     _A12	equ	164
   389  0000                     _A13	equ	165
   390  0000                     _A14	equ	166
   391  0000                     _A15	equ	167
   392  0000                     _A8	equ	160
   393  0000                     _A9	equ	161
   394  0000                     _AC	equ	214
   395  0000                     _ACC0	equ	224
   396  0000                     _ACC1	equ	225
   397  0000                     _ACC2	equ	226
   398  0000                     _ACC3	equ	227
   399  0000                     _ACC4	equ	228
   400  0000                     _ACC5	equ	229
   401  0000                     _ACC6	equ	230
   402  0000                     _ACC7	equ	231
   403  0000                     _AD0	equ	128
   404  0000                     _AD1	equ	129
   405  0000                     _AD2	equ	130
   406  0000                     _AD3	equ	131
   407  0000                     _AD4	equ	132
   408  0000                     _AD5	equ	133
   409  0000                     _AD6	equ	134
   410  0000                     _AD7	equ	135
   411  0000                     _B0	equ	240
   412  0000                     _B1	equ	241
   413  0000                     _B2	equ	242
   414  0000                     _B3	equ	243
   415  0000                     _B4	equ	244
   416  0000                     _B5	equ	245
   417  0000                     _B6	equ	246
   418  0000                     _B7	equ	247
   419  0000                     _CY	equ	215
   420  0000                     _EA	equ	175
   421  0000                     _ES	equ	172
   422  0000                     _ET0	equ	169
   423  0000                     _ET1	equ	171
   424  0000                     _EX0	equ	168
   425  0000                     _EX1	equ	170
   426  0000                     _F0	equ	213
   427  0000                     _IE0	equ	137
   428  0000                     _IE1	equ	139
   429  0000                     _INT0	equ	178
   430  0000                     _INT1	equ	179
   431  0000                     _IT0	equ	136
   432  0000                     _IT1	equ	138
   433  0000                     _OV	equ	210
   434  0000                     _P	equ	208
   435  0000                     _P00	equ	128
   436  0000                     _P01	equ	129
   437  0000                     _P02	equ	130
   438  0000                     _P03	equ	131
   439  0000                     _P04	equ	132
   440  0000                     _P05	equ	133
   441  0000                     _P06	equ	134
   442  0000                     _P07	equ	135
   443  0000                     _P10	equ	144
   444  0000                     _P11	equ	145
   445  0000                     _P12	equ	146
   446  0000                     _P13	equ	147
   447  0000                     _P14	equ	148
   448  0000                     _P15	equ	149
   449  0000                     _P16	equ	150
   450  0000                     _P17	equ	151
   451  0000                     _P20	equ	160
   452  0000                     _P21	equ	161
   453  0000                     _P22	equ	162
   454  0000                     _P23	equ	163
   455  0000                     _P24	equ	164
   456  0000                     _P25	equ	165
   457  0000                     _P26	equ	166
   458  0000                     _P27	equ	167
   459  0000                     _P30	equ	176
   460  0000                     _P31	equ	177
   461  0000                     _P32	equ	178
   462  0000                     _P33	equ	179
   463  0000                     _P34	equ	180
   464  0000                     _P35	equ	181
   465  0000                     _P36	equ	182
   466  0000                     _P37	equ	183
   467  0000                     _PS	equ	188
   468  0000                     _PT0	equ	185
   469  0000                     _PT1	equ	187
   470  0000                     _PX0	equ	184
   471  0000                     _PX1	equ	186
   472  0000                     _RB8	equ	154
   473  0000                     _RD	equ	183
   474  0000                     _REN	equ	156
   475  0000                     _RI	equ	152
   476  0000                     _RS0	equ	211
   477  0000                     _RS1	equ	212
   478  0000                     _RXD	equ	176
   479  0000                     _SM0	equ	159
   480  0000                     _SM1	equ	158
   481  0000                     _SM2	equ	157
   482  0000                     _T0	equ	180
   483  0000                     _T1	equ	181
   484  0000                     _TB8	equ	155
   485  0000                     _TF0	equ	141
   486  0000                     _TF1	equ	143
   487  0000                     _TI	equ	153
   488  0000                     _TR0	equ	140
   489  0000                     _TR1	equ	142
   490  0000                     _TXD	equ	177
   491  0000                     _WR	equ	182
   492  0000                     _ACC	equ	224
   493  0000                     _B	equ	240
   494  0000                     _DPH	equ	131
   495  0000                     _DPL	equ	130
   496  0000                     _IE	equ	168
   497  0000                     _IP	equ	184
   498  0000                     _P0	equ	128
   499  0000                     _P1	equ	144
   500  0000                     _P2	equ	160
   501  0000                     _P3	equ	176
   502  0000                     _PCON	equ	135
   503  0000                     _PSW	equ	208
   504  0000                     _SBUF	equ	153
   505  0000                     _SCON	equ	152
   506  0000                     _SP	equ	129
   507  0000                     _TCON	equ	136
   508  0000                     _TH0	equ	140
   509  0000                     _TH1	equ	141
   510  0000                     _TL0	equ	138
   511  0000                     _TL1	equ	139
   512  0000                     _TMOD	equ	137
   513  0000                     _ACC_BITS	equ	224
   514  0000                     _B_BITS	equ	240
   515  0000                     _IE_BITS	equ	168
   516  0000                     _IP_BITS	equ	184
   517  0000                     _P0_BITS	equ	128
   518  0000                     _P1_BITS	equ	144
   519  0000                     _P2_BITS	equ	160
   520  0000                     _P3_BITS	equ	176
   521  0000                     _PCON_BITS	equ	135
   522  0000                     _PSW_BITS	equ	208
   523  0000                     _SCON_BITS	equ	152
   524  0000                     _TCON_BITS	equ	136
   525  0000                     _TMOD_BITS	equ	137


HI-TECH Software 8051 Macro Assembler V9.60                                Page 2
Symbol Table                                           Tue Apr 04 21:49:32 2023

       ?a_main 00020              _B 000F0              l2 00037  
            l3 0001E              l4 0000B              l5 00037  
            _P 000D0              l7 0001A              l8 00013  
            l9 00146         ?a_msec 0002B             _B0 000F0  
           _B1 000F1             _B2 000F2             _B3 000F3  
           _B4 000F4             _B5 000F5             _B6 000F6  
           _A8 000A0             _B7 000F7             _A9 000A1  
           _F0 000D5             _AC 000D6             l10 00143  
           l11 00065             l12 00146             l13 0007E  
           l14 00143             _EA 000AF             l16 000A9  
           l17 000D4             l18 000FF             l19 0012A  
           _P0 00080             _P1 00090             _P2 000A0  
           _P3 000B0             _IE 000A8             _T0 000B4  
           _T1 000B5             _ES 000AC             _CY 000D7  
           _IP 000B8             _RD 000B7             u10 0001A  
           u11 00018             _RI 00098             u30 00037  
           u31 00035             u40 0007B             u24 00029  
           _TI 00099             u41 00079             u50 00096  
           _PS 000BC             u51 0008A             _OV 000D2  
           u60 00096             u61 00098             _SP 00081  
           u70 0009C             u71 0009A             u80 000C1  
           u81 000B5             u90 000C1             u91 000C3  
           _WR 000B6         _B_BITS 000F0            _A10 000A2  
          _A11 000A3            _A12 000A4            _A13 000A5  
          _A14 000A6            _A15 000A7            _AD0 00080  
          _AD1 00081            _AD2 00082            _AD3 00083  
          _AD4 00084            _AD5 00085            _AD6 00086  
          _AD7 00087            _ACC 000E0            _P00 00080  
          _P01 00081            _P10 00090            _P02 00082  
          _P11 00091            _P03 00083            _P20 000A0  
          _P12 00092            _P04 00084            _P21 000A1  
          _P13 00093            _P05 00085            _P30 000B0  
          _P22 000A2            _P14 00094            _P06 00086  
          _P31 000B1            _P23 000A3            _P15 00095  
          _P07 00087            _P32 000B2            _P24 000A4  
          _P16 00096            _P33 000B3            _P25 000A5  
          _P17 00097            _P34 000B4            _P26 000A6  
          _P35 000B5            _P27 000A7            _P36 000B6  
          _P37 000B7            _IE0 00089            _IE1 0008B  
          _ET0 000A9            _ET1 000AB            _EX0 000A8  
          _EX1 000AA            _DPH 00083            _DPL 00082  
          _IT0 00088            _IT1 0008A            _RB8 0009A  
          u100 000C7            u101 000C5            u110 000EC  
          u111 000E0            u120 000EC            u121 000EE  
          u130 000F2            u131 000F0            _TF0 0008D  
          _TB8 0009B            u140 00117            _TF1 0008F  
          u141 0010B            u150 00117            u151 00119  
          _TH0 0008C            u160 0011D            _TH1 0008D  
          u161 0011B            u170 00132            u180 00143  
          u181 00140            _SM0 0009F            _SM1 0009E  
          _TL0 0008A            _SM2 0009D            _PT0 000B9  
          _TL1 0008B            _PT1 000BB            _RS0 000D3  
          _RS1 000D4            _REN 0009C            _PX0 000B8  
          _PX1 000BA            _TR0 0008C            _TR1 0008E  
          _RXD 000B0            _PSW 000D0            _TXD 000B1  
      _P0_BITS 00080        _P1_BITS 00090        _P2_BITS 000A0  
      _P3_BITS 000B0        _IE_BITS 000A8       _ACC_BITS 000E0  
      _IP_BITS 000B8           f1410 00005           f1411 00038  
         f1420 0003D           f1412 00000           f1421 00147  
         f1422 00000           _ACC0 000E0           _ACC1 000E1  
         _ACC2 000E2           _ACC3 000E3           _ACC4 000E4  
         _ACC5 000E5           _ACC6 000E6           _ACC7 000E7  
stack_internal 00001           _INT0 000B2           _INT1 000B3  
         _PCON 00087           _SCON 00098           _SBUF 00099  
         _TCON 00088           _TMOD 00089           _main 0003A  
         _msec 00003       _PSW_BITS 000D0      _PCON_BITS 00087  
    _SCON_BITS 00098      _TCON_BITS 00088      _TMOD_BITS 00089  
