HI-TECH Software 8051-C Compiler V9.60

Linker command line:

--edf=C:\PROGRA~2\HI-TEC~1\HC51\9.60\dat\en_msgs.txt \
  -h+C:\Users\falin\Desktop\PRACTI~1\nado\17831~1\_uc6043f0440043e0435043a04421.sym \
  -z -Q8051AH -ol.obj \
  -MC:\Users\falin\Desktop\PRACTI~1\nado\17831~1\_uc6043f0440043e0435043a04421.map \
  -E1 -ver=8051-C#V9.60 -ACODE=00h-0FFFh -pvectors=00h \
  -prbit=0/20h,rbss,rdata/CODE,irdata/CODE,idata/rbss -pbss=XDATA/idata \
  -pdata=CODE+100h -pconst=CODE+100h -pstrings=CODE+100h -pnvram=bss,heap \
  C:\Users\falin\AppData\Local\Temp\sdk4.obj \
  C:\Users\falin\Desktop\PRACTI~1\nado\17831~1\main_0.obj \
  C:\PROGRA~2\HI-TEC~1\HC51\9.60\lib\51--nsc.lib 

Object code version is 3.8

Machine type is 8051AH

Call graph:

*start1 size 0,0 offset 0
*    _main size 0,19 offset 0

		Name          Link     Load   Length Selector Space Scale
C:\Users\falin\AppData\Local\Temp\sdk4.obj
		vectors          0        0        3       0     0
		text            B7       B7       14       0     0
C:\Users\falin\Desktop\PRACTI~1\nado\17831~1\main_0.obj
		data           100      100       11     100     0
		text             3        3       73       0     0

C:\PROGRA~2\HI-TEC~1\HC51\9.60\lib\51--nsc.lib
powerup.obj     text            CB       CB        3       0     0
str_cops.obj    text            76       76       41       0     0

COMMON          rbss            20       20       13      20     1

TOTAL		Name          Link     Load   Length
	CLASS	CODE     
		vectors          0        0        3
		data           100      100       11
		text            B7       B7       14
		text             3        3       73
		text            CB       CB        3
		text            76       76       41

	CLASS	DATA     
		rbss            20       20       13

	CLASS	XDATA    

	CLASS	BITSEG   



SEGMENTS	Name		Load	Length	 Top	Selector    Space Class

		vectors         000000	0000CE	0000CE	       0       0  CODE    
		rbit            000020	000013	000033	      20       1  BITSEG  
		data            000100	000011	000111	     100       0  CODE    


UNUSED ADDRESS RANGES

	CODE             0CE-0FF
	                 111-FFF

                                  Symbol Table

?a_main        rbss    020  __Bbss         bss     033
__Bidata       idata   033  __Birdata      irdata  003
__Brbit        rbit    020  __Brdata       rdata   003
__Hbss         bss     033  __Hcode        code    033
__Hconst       const   100  __Hdata        data    111
__Hheap        heap    033  __Hidata       idata   033
__Hirdata      irdata  033  __Hnvram       nvram   033
__Hrbit        rbit    000  __Hrbss        rbss    033
__Hrdata       rdata   033  __Hstrings     strings 100
__Htext        text    033  __Hvectors     vectors 003
__Lbss         bss     033  __Lcode        code    033
__Lconst       const   100  __Ldata        data    100
__Lheap        heap    033  __Lidata       idata   033
__Lirdata      irdata  033  __Lnvram       nvram   033
__Lrbit        rbit    000  __Lrbss        rbss    020
__Lrdata       rdata   033  __Lstrings     strings 100
__Ltext        text    033  __Lvectors     vectors 000
__S0           (abs)   111  _exit          text    0C8
_main          text    003  intlevel0      (abs)   000
intlevel1      (abs)   000  powerup        text    0CB
small_model    (abs)   001  stack_internal (abs)   001
start          vectors 000  start1         text    0B7
str_copy       text    08C  str_load       text    08C
str_xcopy      text    076  strx_copy      text    08C
strx_load      text    08C  strx_xcopy     text    076
