

HI-TECH Software 8051 Macro Assembler V9.60                                Page 1
                                                       Tue May 02 14:49:47 2023

     1                           	psect	idata,class=DATA,space=1,limit=0100h
     2                           	psect	irdata,class=DATA,limit=0100h
     3                           	global	_imp
     4                           	signat	_imp,4216
     5                           	global	stack_internal
     6                           	psect	text,class=CODE
     7                           	psect	text
     8                           	file	"C:\Users\student\Desktop\7\ttt\project1\m
                                 ain.c"
     9                           	line	7
    10  00003                     _imp:
    11  00003  80 2A              	j	f1601
    12  00005                     f1600:
    13                           ;main.c: 6: void imp(unsigned int cnt)
    14                           
    15                           ;main.c: 7: {
    16                           
    17                           ;main.c: 9: do{
    18                           
    19                           ;	var   _cnt assigned to ?a_imp+0
    20                           ;_cnt stored from WR2
    21                           	line	9
    22  00005  8C 22              	mov	?a_imp+0,r4
    23  00007  8D 23              	mov	?a_imp+0+1,r5
    24  00009                     l5:
    25                           ;main.c: 10: if (cnt != 0){cnt--; P10 = 0;}
    26                           
    27                           	line	10
    28  00009  E5 23              	mov	a,?a_imp+0+1
    29  0000B  45 22              	orl	a,?a_imp+0
    30  0000D  60 02              	bz	u11
    31  0000F  80 02              	jmp	u10
    32  00011                     u11:
    33  00011  80 10              	jmp	l6
    34  00013                     u10:
    35  00013  E5 23              	mov	a,?a_imp+0+1
    36  00015  24 FF              	add	a,#low (-01h)
    37  00017  F5 23              	mov	?a_imp+0+1,a
    38  00019  E5 22              	mov	a,?a_imp+0
    39  0001B  34 FF              	addc	a,#high (-01h)
    40  0001D  F5 22              	mov	?a_imp+0,a
    41  0001F  C2 90              	clr	p1.0
    42  00021  80 02              	jmp	l7
    43                           	line	11
    44  00023                     l6:
    45                           ;main.c: 11: else {P10 = 1;}
    46                           
    47  00023  D2 90              	setb	p1.0
    48  00025                     l7:
    49                           ;main.c: 13: }while(TF2 == 0);
    50                           
    51                           	line	13
    52  00025  30 CF 02           	bnb	t2con.7, u21
    53  00028  80 02              	jmp	u20
    54  0002A                     u21:
    55  0002A  80 DD              	jmp	l5
    56  0002C                     u20:
    57  0002C                     l4:
    58                           ;main.c: 14: TF2 = 0;
    59                           
    60                           	line	14
    61  0002C  C2 CF              	clr	t2con.7
    62                           ;main.c: 15: }
    63                           
    64                           	line	15
    65  0002E                     l2:
    66  0002E  22                 	ret
    67  0002F                     f1601:
    68  0002F  80 D4              	j	f1600
    69                           	FNSIZE	_imp,2,0
    70                           	global	?a_imp
    71  0000                     f1602	equ	0
    72                           	global	_main
    73                           	signat	_main,88
    74                           	line	18
    75  00031                     _main:
    76  00031  80 52              	j	f1611
    77  00033                     f1610:
    78                           ;main.c: 17: void main()
    79                           
    80                           ;main.c: 18: {
    81                           
    82                           ;main.c: 19: flag = 1;
    83                           
    84                           	global	_flag
    85                           	line	19
    86  00033  75 20  00          	mov	_flag,#high(1)
    87  00036  75 21  01          	mov	_flag+1,#low(1)
    88                           ;main.c: 20: P1 = 0xFE;
    89                           
    90                           	line	20
    91  00039  75 90 FE           	mov	090h,#254
    92                           ;main.c: 21: RCAP2H = 0x0C;
    93                           
    94                           	line	21
    95  0003C  75 CB 0C           	mov	0CBh,#12
    96                           ;main.c: 22: RCAP2L = 0xB0;
    97                           
    98                           	line	22
    99  0003F  75 CA B0           	mov	0CAh,#176
   100                           ;main.c: 23: T2CON &= 0xFC;
   101                           
   102                           	line	23
   103  00042  53 C8 FC           	anl	0C8h,#-4
   104                           ;main.c: 24: ET2 = 1;
   105                           
   106                           	line	24
   107  00045  D2 AD              	setb	ie.5
   108                           ;main.c: 25: EA = 1;
   109                           
   110                           	line	25
   111  00047  D2 AF              	setb	ie.7
   112                           ;main.c: 26: T2CON |= 0x4;
   113                           
   114                           	line	26
   115  00049  D2 CA              	setb	t2con.2
   116                           ;main.c: 27: while(1)
   117                           
   118                           	line	27
   119  0004B                     l10:
   120                           ;main.c: 28: {
   121                           
   122                           ;main.c: 29: if(P36 == 1){ flag = 1;}
   123                           
   124                           	line	29
   125  0004B  30 B6 02           	bnb	p3.6, u31
   126  0004E  80 02              	jmp	u30
   127  00050                     u31:
   128  00050  80 06              	jmp	l12
   129  00052                     u30:
   130  00052  75 20  00          	mov	_flag,#high(1)
   131  00055  75 21  01          	mov	_flag+1,#low(1)
   132  00058                     l12:
   133                           ;main.c: 30: if(P37 == 1){ flag = 0;}
   134                           
   135                           	line	30
   136  00058  30 B7 02           	bnb	p3.7, u41
   137  0005B  80 02              	jmp	u40
   138  0005D                     u41:
   139  0005D  80 05              	jmp	l13
   140  0005F                     u40:
   141  0005F  E4                 	clr	a
   142  00060  F5 20              	mov	_flag,a
   143  00062  F5 21              	mov	_flag+1,a
   144  00064                     l13:
   145                           ;main.c: 31: if (flag == 1){ imp(2200);}
   146                           
   147                           	line	31
   148  00064  E5 21              	mov	a,_flag+1
   149  00066  B4 01 07           	cbne	a,#low (1),u51
   150  00069  E5 20              	mov	a,_flag
   151  0006B  B4 00 02           	cbne	a,#high (1),u51
   152  0006E  80 02              	jmp	u50
   153  00070                     u51:
   154  00070  80 09              	jmp	l14
   155  00072                     u50:
   156                           	FNCALL	_main,_imp
   157  00072  7C 08              	mov	r4,#high (2200)
   158  00074  7D 98              	mov	r5,#low (2200)
   159  00076  12 0003            	lcall	_imp
   160                           
   161  00079  80 07              	jmp	l15
   162                           	line	32
   163  0007B                     l14:
   164                           ;main.c: 32: else imp(1200);
   165                           
   166  0007B  7C 04              	mov	r4,#high (1200)
   167  0007D  7D B0              	mov	r5,#low (1200)
   168  0007F  12 0003            	lcall	_imp
   169                           
   170  00082                     l15:
   171                           	line	34
   172  00082                     l9:
   173                           	line	27
   174  00082  80 C7              	jmp	l10
   175  00084                     l11:
   176                           ;main.c: 34: }
   177                           
   178                           ;main.c: 35: }
   179                           
   180                           	line	35
   181  00084                     l8:
   182  00084  22                 	ret
   183  00085                     f1611:
   184  00085  80 AC              	j	f1610
   185  0000                     f1612	equ	0
   186  0000                     _A10	equ	162
   187  0000                     _A11	equ	163
   188  0000                     _A12	equ	164
   189  0000                     _A13	equ	165
   190  0000                     _A14	equ	166
   191  0000                     _A15	equ	167
   192  0000                     _A8	equ	160
   193  0000                     _A9	equ	161
   194  0000                     _AC	equ	214
   195  0000                     _ACC0	equ	224
   196  0000                     _ACC1	equ	225
   197  0000                     _ACC2	equ	226
   198  0000                     _ACC3	equ	227
   199  0000                     _ACC4	equ	228
   200  0000                     _ACC5	equ	229
   201  0000                     _ACC6	equ	230
   202  0000                     _ACC7	equ	231
   203  0000                     _AD0	equ	128
   204  0000                     _AD1	equ	129
   205  0000                     _AD2	equ	130
   206  0000                     _AD3	equ	131
   207  0000                     _AD4	equ	132
   208  0000                     _AD5	equ	133
   209  0000                     _AD6	equ	134
   210  0000                     _AD7	equ	135
   211  0000                     _B0	equ	240
   212  0000                     _B1	equ	241
   213  0000                     _B2	equ	242
   214  0000                     _B3	equ	243
   215  0000                     _B4	equ	244
   216  0000                     _B5	equ	245
   217  0000                     _B6	equ	246
   218  0000                     _B7	equ	247
   219  0000                     _CPRL2	equ	200
   220  0000                     _CT2	equ	201
   221  0000                     _CY	equ	215
   222  0000                     _EA	equ	175
   223  0000                     _ES	equ	172
   224  0000                     _ET0	equ	169
   225  0000                     _ET1	equ	171
   226  0000                     _ET2	equ	173
   227  0000                     _EX0	equ	168
   228  0000                     _EX1	equ	170
   229  0000                     _EXEN2	equ	203
   230  0000                     _EXF2	equ	206
   231  0000                     _F0	equ	213
   232  0000                     _IE0	equ	137
   233  0000                     _IE1	equ	139
   234  0000                     _INT0	equ	178
   235  0000                     _INT1	equ	179
   236  0000                     _IT0	equ	136
   237  0000                     _IT1	equ	138
   238  0000                     _OV	equ	210
   239  0000                     _P	equ	208
   240  0000                     _P00	equ	128
   241  0000                     _P01	equ	129
   242  0000                     _P02	equ	130
   243  0000                     _P03	equ	131
   244  0000                     _P04	equ	132
   245  0000                     _P05	equ	133
   246  0000                     _P06	equ	134
   247  0000                     _P07	equ	135
   248  0000                     _P10	equ	144
   249  0000                     _P11	equ	145
   250  0000                     _P12	equ	146
   251  0000                     _P13	equ	147
   252  0000                     _P14	equ	148
   253  0000                     _P15	equ	149
   254  0000                     _P16	equ	150
   255  0000                     _P17	equ	151
   256  0000                     _P20	equ	160
   257  0000                     _P21	equ	161
   258  0000                     _P22	equ	162
   259  0000                     _P23	equ	163
   260  0000                     _P24	equ	164
   261  0000                     _P25	equ	165
   262  0000                     _P26	equ	166
   263  0000                     _P27	equ	167
   264  0000                     _P30	equ	176
   265  0000                     _P31	equ	177
   266  0000                     _P32	equ	178
   267  0000                     _P33	equ	179
   268  0000                     _P34	equ	180
   269  0000                     _P35	equ	181
   270  0000                     _P36	equ	182
   271  0000                     _P37	equ	183
   272  0000                     _PS	equ	188
   273  0000                     _PT0	equ	185
   274  0000                     _PT1	equ	187
   275  0000                     _PT2	equ	189
   276  0000                     _PX0	equ	184
   277  0000                     _PX1	equ	186
   278  0000                     _RB8	equ	154
   279  0000                     _RCLK	equ	205
   280  0000                     _RD	equ	183
   281  0000                     _REN	equ	156
   282  0000                     _RI	equ	152
   283  0000                     _RS0	equ	211
   284  0000                     _RS1	equ	212
   285  0000                     _RXD	equ	176
   286  0000                     _SM0	equ	159
   287  0000                     _SM1	equ	158
   288  0000                     _SM2	equ	157
   289  0000                     _T0	equ	180
   290  0000                     _T1	equ	181
   291  0000                     _T2	equ	144
   292  0000                     _T2EX	equ	145
   293  0000                     _TB8	equ	155
   294  0000                     _TCLK	equ	204
   295  0000                     _TF0	equ	141
   296  0000                     _TF1	equ	143
   297  0000                     _TF2	equ	207
   298  0000                     _TI	equ	153
   299  0000                     _TR0	equ	140
   300  0000                     _TR1	equ	142
   301  0000                     _TR2	equ	202
   302  0000                     _TXD	equ	177
   303  0000                     _WR	equ	182
   304  0000                     _ACC	equ	224
   305  0000                     _B	equ	240
   306  0000                     _DPH	equ	131
   307  0000                     _DPL	equ	130
   308  0000                     _IE	equ	168
   309  0000                     _IP	equ	184
   310  0000                     _P0	equ	128
   311  0000                     _P1	equ	144
   312  0000                     _P2	equ	160
   313  0000                     _P3	equ	176
   314  0000                     _PCON	equ	135
   315  0000                     _PSW	equ	208
   316  0000                     _RCAP2H	equ	203
   317  0000                     _RCAP2L	equ	202
   318  0000                     _SBUF	equ	153
   319  0000                     _SCON	equ	152
   320  0000                     _SP	equ	129
   321  0000                     _T2CON	equ	200
   322  0000                     _TCON	equ	136
   323  0000                     _TH0	equ	140
   324  0000                     _TH1	equ	141
   325  0000                     _TH2	equ	205
   326  0000                     _TL0	equ	138
   327  0000                     _TL1	equ	139
   328  0000                     _TL2	equ	204
   329  0000                     _TMOD	equ	137
   330  0000                     _ACC_BITS	equ	224
   331  0000                     _B_BITS	equ	240
   332  0000                     _IE_BITS	equ	168
   333  0000                     _IP_BITS	equ	184
   334  0000                     _P0_BITS	equ	128
   335  0000                     _P1_BITS	equ	144
   336  0000                     _P2_BITS	equ	160
   337  0000                     _P3_BITS	equ	176
   338  0000                     _PCON_BITS	equ	135
   339  0000                     _PSW_BITS	equ	208
   340  0000                     _SCON_BITS	equ	152
   341  0000                     _T2CON_BITS	equ	200
   342  0000                     _TCON_BITS	equ	136
   343  0000                     _TMOD_BITS	equ	137
   344                           	psect	rbss,class=DATA,space=1
   345                           	psect	rbss
   346                           	global	_flag
   347  00020                     _flag:
   348  00020                     	ds	2


HI-TECH Software 8051 Macro Assembler V9.60                                Page 2
Symbol Table                                           Tue May 02 14:49:47 2023

            _B 000F0              l2 0002E              l4 0002C  
            l5 00009              _P 000D0              l6 00023  
            l7 00025              l8 00084              l9 00082  
           _B0 000F0             _B1 000F1             _B2 000F2  
           _B3 000F3             _B4 000F4             _B5 000F5  
           _B6 000F6             _A8 000A0             _B7 000F7  
           _A9 000A1             _F0 000D5             _AC 000D6  
           l10 0004B             l11 00084             l12 00058  
           l13 00064             l14 0007B             _EA 000AF  
           l15 00082             _P0 00080             _P1 00090  
           _P2 000A0             _P3 000B0             _IE 000A8  
           _T0 000B4             _T1 000B5             _T2 00090  
           _ES 000AC             _CY 000D7             _IP 000B8  
           _RD 000B7             u10 00013             u11 00011  
           u20 0002C             _RI 00098             u21 0002A  
           u30 00052             u31 00050             u40 0005F  
           _TI 00099             u41 0005D             u50 00072  
           _PS 000BC             u51 00070             _OV 000D2  
           _SP 00081             _WR 000B6         _B_BITS 000F0  
       _RCAP2H 000CB         _RCAP2L 000CA            _A10 000A2  
          _A11 000A3            _A12 000A4            _A13 000A5  
          _A14 000A6            _A15 000A7            _AD0 00080  
          _AD1 00081            _AD2 00082            _AD3 00083  
          _AD4 00084            _AD5 00085            _AD6 00086  
          _AD7 00087            _ACC 000E0            _P00 00080  
          _P01 00081            _P10 00090            _P02 00082  
          _P11 00091            _P03 00083            _P20 000A0  
          _P12 00092            _P04 00084            _P21 000A1  
          _P13 00093            _P05 00085            _P30 000B0  
          _P22 000A2            _P14 00094            _P06 00086  
          _P31 000B1            _P23 000A3            _P15 00095  
          _P07 00087            _P32 000B2            _P24 000A4  
          _P16 00096            _P33 000B3            _P25 000A5  
          _P17 00097            _P34 000B4            _P26 000A6  
          _P35 000B5            _P27 000A7            _P36 000B6  
          _P37 000B7            _IE0 00089            _IE1 0008B  
          _CT2 000C9            _ET0 000A9            _ET1 000AB  
          _ET2 000AD            _EX0 000A8            _EX1 000AA  
          _DPH 00083            _DPL 00082            _IT0 00088  
          _IT1 0008A            _RB8 0009A            _TF0 0008D  
          _TB8 0009B            _TF1 0008F            _TF2 000CF  
          _TH0 0008C            _TH1 0008D            _TH2 000CD  
          _SM0 0009F            _SM1 0009E            _TL0 0008A  
          _SM2 0009D            _PT0 000B9            _TL1 0008B  
          _PT1 000BB            _TL2 000CC            _PT2 000BD  
          _RS0 000D3            _RS1 000D4            _REN 0009C  
          _PX0 000B8            _PX1 000BA            _TR0 0008C  
          _TR1 0008E            _TR2 000CA            _RXD 000B0  
          _PSW 000D0            _TXD 000B1        _P0_BITS 00080  
      _P1_BITS 00090        _P2_BITS 000A0        _P3_BITS 000B0  
          _imp 00003        _IE_BITS 000A8       _ACC_BITS 000E0  
   _T2CON_BITS 000C8        _IP_BITS 000B8           f1600 00005  
         f1601 0002F           f1610 00033           f1602 00000  
         f1611 00085           f1612 00000           _ACC0 000E0  
         _ACC1 000E1           _ACC2 000E2           _ACC3 000E3  
         _ACC4 000E4           _ACC5 000E5           _ACC6 000E6  
         _ACC7 000E7  stack_internal 00001           _EXF2 000CE  
         _T2EX 00091           _INT0 000B2           _INT1 000B3  
         _PCON 00087           _RCLK 000CD           _TCLK 000CC  
         _SCON 00098           _SBUF 00099           _TCON 00088  
         _TMOD 00089           _flag 00020           _main 00031  
        ?a_imp 00022       _PSW_BITS 000D0          _CPRL2 000C8  
        _T2CON 000C8          _EXEN2 000CB      _PCON_BITS 00087  
    _SCON_BITS 00098      _TCON_BITS 00088      _TMOD_BITS 00089  
